Archive member included because of file (symbol)

/usr/lib/gcc/avr/4.3.5/avr25/libgcc.a(_exit.o)
                              /usr/lib/gcc/avr/4.3.5/../../../avr/lib/avr25/crttn13.o (exit)
/usr/lib/gcc/avr/4.3.5/avr25/libgcc.a(_copy_data.o)
                              ./driver.o (__do_copy_data)
/usr/lib/gcc/avr/4.3.5/avr25/libgcc.a(_clear_bss.o)
                              ./driver.o (__do_clear_bss)
/usr/lib/gcc/avr/4.3.5/../../../avr/lib/avr25/libc.a(eerd_byte_attiny13.o)
                              ./driver.o (__eerd_byte_tn13)
/usr/lib/gcc/avr/4.3.5/../../../avr/lib/avr25/libc.a(eewr_byte_attiny13.o)
                              ./driver.o (__eewr_byte_tn13)

Allocating common symbols
Common symbol       size              file

global_flags        0x1               ./driver.o
mode                0x1               ./driver.o

Memory Configuration

Name             Origin             Length             Attributes
text             0x0000000000000000 0x0000000000002000 xr
data             0x0000000000800060 0x000000000000ffa0 rw !x
eeprom           0x0000000000810000 0x0000000000010000 rw !x
fuse             0x0000000000820000 0x0000000000000400 rw !x
lock             0x0000000000830000 0x0000000000000400 rw !x
signature        0x0000000000840000 0x0000000000000400 rw !x
*default*        0x0000000000000000 0xffffffffffffffff

Linker script and memory map

LOAD /usr/lib/gcc/avr/4.3.5/../../../avr/lib/avr25/crttn13.o
LOAD ./driver.o
LOAD /usr/lib/gcc/avr/4.3.5/avr25/libgcc.a
LOAD /usr/lib/gcc/avr/4.3.5/../../../avr/lib/avr25/libc.a
LOAD /usr/lib/gcc/avr/4.3.5/avr25/libgcc.a

.hash
 *(.hash)

.dynsym
 *(.dynsym)

.dynstr
 *(.dynstr)

.gnu.version
 *(.gnu.version)

.gnu.version_d
 *(.gnu.version_d)

.gnu.version_r
 *(.gnu.version_r)

.rel.init
 *(.rel.init)

.rela.init
 *(.rela.init)

.rel.text
 *(.rel.text)
 *(.rel.text.*)
 *(.rel.gnu.linkonce.t*)

.rela.text
 *(.rela.text)
 *(.rela.text.*)
 *(.rela.gnu.linkonce.t*)

.rel.fini
 *(.rel.fini)

.rela.fini
 *(.rela.fini)

.rel.rodata
 *(.rel.rodata)
 *(.rel.rodata.*)
 *(.rel.gnu.linkonce.r*)

.rela.rodata
 *(.rela.rodata)
 *(.rela.rodata.*)
 *(.rela.gnu.linkonce.r*)

.rel.data
 *(.rel.data)
 *(.rel.data.*)
 *(.rel.gnu.linkonce.d*)

.rela.data
 *(.rela.data)
 *(.rela.data.*)
 *(.rela.gnu.linkonce.d*)

.rel.ctors
 *(.rel.ctors)

.rela.ctors
 *(.rela.ctors)

.rel.dtors
 *(.rel.dtors)

.rela.dtors
 *(.rela.dtors)

.rel.got
 *(.rel.got)

.rela.got
 *(.rela.got)

.rel.bss
 *(.rel.bss)

.rela.bss
 *(.rela.bss)

.rel.plt
 *(.rel.plt)

.rela.plt
 *(.rela.plt)

.text           0x0000000000000000      0x3fc
 *(.vectors)
 .vectors       0x0000000000000000       0x14 /usr/lib/gcc/avr/4.3.5/../../../avr/lib/avr25/crttn13.o
                0x0000000000000000                __vectors
                0x0000000000000000                __vector_default
 *(.vectors)
 *(.progmem.gcc*)
 *(.progmem*)
                0x0000000000000014                . = ALIGN (0x2)
                0x0000000000000014                __trampolines_start = .
 *(.trampolines)
 .trampolines   0x0000000000000014        0x0 linker stubs
 *(.trampolines*)
                0x0000000000000014                __trampolines_end = .
 *(.jumptables)
 *(.jumptables*)
 *(.lowtext)
 *(.lowtext*)
                0x0000000000000014                __ctors_start = .
 *(.ctors)
                0x0000000000000014                __ctors_end = .
                0x0000000000000014                __dtors_start = .
 *(.dtors)
                0x0000000000000014                __dtors_end = .
 SORT(*)(.ctors)
 SORT(*)(.dtors)
 *(.init0)
 .init0         0x0000000000000014        0x0 /usr/lib/gcc/avr/4.3.5/../../../avr/lib/avr25/crttn13.o
                0x0000000000000014                __init
 *(.init0)
 *(.init1)
 *(.init1)
 *(.init2)
 .init2         0x0000000000000014        0x8 /usr/lib/gcc/avr/4.3.5/../../../avr/lib/avr25/crttn13.o
 *(.init2)
 *(.init3)
 *(.init3)
 *(.init4)
 .init4         0x000000000000001c       0x16 /usr/lib/gcc/avr/4.3.5/avr25/libgcc.a(_copy_data.o)
                0x000000000000001c                __do_copy_data
 .init4         0x0000000000000032       0x10 /usr/lib/gcc/avr/4.3.5/avr25/libgcc.a(_clear_bss.o)
                0x0000000000000032                __do_clear_bss
 *(.init4)
 *(.init5)
 *(.init5)
 *(.init6)
 *(.init6)
 *(.init7)
 *(.init7)
 *(.init8)
 *(.init8)
 *(.init9)
 .init9         0x0000000000000042        0x4 /usr/lib/gcc/avr/4.3.5/../../../avr/lib/avr25/crttn13.o
 *(.init9)
 *(.text)
 .text          0x0000000000000046        0x2 /usr/lib/gcc/avr/4.3.5/../../../avr/lib/avr25/crttn13.o
                0x0000000000000046                __vector_1
                0x0000000000000046                __bad_interrupt
                0x0000000000000046                __vector_6
                0x0000000000000046                __vector_3
                0x0000000000000046                __vector_7
                0x0000000000000046                __vector_5
                0x0000000000000046                __vector_4
                0x0000000000000046                __vector_9
                0x0000000000000046                __vector_2
 .text          0x0000000000000048      0x384 ./driver.o
                0x0000000000000048                start_wdt
                0x000000000000005a                blink
                0x0000000000000098                strobe_signal
                0x00000000000000c2                restore_mode
                0x00000000000000fa                main
                0x00000000000002d2                const_level
                0x000000000000036a                __vector_8
 .text          0x00000000000003cc        0x0 /usr/lib/gcc/avr/4.3.5/avr25/libgcc.a(_exit.o)
 .text          0x00000000000003cc        0x0 /usr/lib/gcc/avr/4.3.5/avr25/libgcc.a(_copy_data.o)
 .text          0x00000000000003cc        0x0 /usr/lib/gcc/avr/4.3.5/avr25/libgcc.a(_clear_bss.o)
 .text          0x00000000000003cc        0x0 /usr/lib/gcc/avr/4.3.5/../../../avr/lib/avr25/libc.a(eerd_byte_attiny13.o)
 .text          0x00000000000003cc        0x0 /usr/lib/gcc/avr/4.3.5/../../../avr/lib/avr25/libc.a(eewr_byte_attiny13.o)
                0x00000000000003cc                . = ALIGN (0x2)
 *(.text.*)
 .text.libgcc   0x00000000000003cc        0x0 /usr/lib/gcc/avr/4.3.5/avr25/libgcc.a(_exit.o)
 .text.libgcc   0x00000000000003cc        0x0 /usr/lib/gcc/avr/4.3.5/avr25/libgcc.a(_copy_data.o)
 .text.libgcc   0x00000000000003cc        0x0 /usr/lib/gcc/avr/4.3.5/avr25/libgcc.a(_clear_bss.o)
 .text.avr-libc
                0x00000000000003cc       0x10 /usr/lib/gcc/avr/4.3.5/../../../avr/lib/avr25/libc.a(eerd_byte_attiny13.o)
                0x00000000000003cc                __eerd_byte_tn13
 .text.avr-libc
                0x00000000000003dc       0x1c /usr/lib/gcc/avr/4.3.5/../../../avr/lib/avr25/libc.a(eewr_byte_attiny13.o)
                0x00000000000003dc                __eewr_byte_tn13
                0x00000000000003de                __eewr_r18_tn13
                0x00000000000003f8                . = ALIGN (0x2)
 *(.fini9)
 .fini9         0x00000000000003f8        0x0 /usr/lib/gcc/avr/4.3.5/avr25/libgcc.a(_exit.o)
                0x00000000000003f8                exit
                0x00000000000003f8                _exit
 *(.fini9)
 *(.fini8)
 *(.fini8)
 *(.fini7)
 *(.fini7)
 *(.fini6)
 *(.fini6)
 *(.fini5)
 *(.fini5)
 *(.fini4)
 *(.fini4)
 *(.fini3)
 *(.fini3)
 *(.fini2)
 *(.fini2)
 *(.fini1)
 *(.fini1)
 *(.fini0)
 .fini0         0x00000000000003f8        0x4 /usr/lib/gcc/avr/4.3.5/avr25/libgcc.a(_exit.o)
 *(.fini0)
                0x00000000000003fc                _etext = .

.data           0x0000000000800060        0x4 load address 0x00000000000003fc
                0x0000000000800060                PROVIDE (__data_start, .)
 *(.data)
 .data          0x0000000000800060        0x0 /usr/lib/gcc/avr/4.3.5/../../../avr/lib/avr25/crttn13.o
 .data          0x0000000000800060        0x3 ./driver.o
                0x0000000000800060                mode_func_arr
                0x0000000000800062                clicks
 .data          0x0000000000800063        0x0 /usr/lib/gcc/avr/4.3.5/avr25/libgcc.a(_exit.o)
 .data          0x0000000000800063        0x0 /usr/lib/gcc/avr/4.3.5/avr25/libgcc.a(_copy_data.o)
 .data          0x0000000000800063        0x0 /usr/lib/gcc/avr/4.3.5/avr25/libgcc.a(_clear_bss.o)
 .data          0x0000000000800063        0x0 /usr/lib/gcc/avr/4.3.5/../../../avr/lib/avr25/libc.a(eerd_byte_attiny13.o)
 .data          0x0000000000800063        0x0 /usr/lib/gcc/avr/4.3.5/../../../avr/lib/avr25/libc.a(eewr_byte_attiny13.o)
 *(.data*)
 *(.rodata)
 *(.rodata*)
 *(.gnu.linkonce.d*)
                0x0000000000800064                . = ALIGN (0x2)
 *fill*         0x0000000000800063        0x1 00
                0x0000000000800064                _edata = .
                0x0000000000800064                PROVIDE (__data_end, .)

.bss            0x0000000000800064        0x2
                0x0000000000800064                PROVIDE (__bss_start, .)
 *(.bss)
 .bss           0x0000000000800064        0x0 /usr/lib/gcc/avr/4.3.5/../../../avr/lib/avr25/crttn13.o
 .bss           0x0000000000800064        0x0 ./driver.o
 .bss           0x0000000000800064        0x0 /usr/lib/gcc/avr/4.3.5/avr25/libgcc.a(_exit.o)
 .bss           0x0000000000800064        0x0 /usr/lib/gcc/avr/4.3.5/avr25/libgcc.a(_copy_data.o)
 .bss           0x0000000000800064        0x0 /usr/lib/gcc/avr/4.3.5/avr25/libgcc.a(_clear_bss.o)
 .bss           0x0000000000800064        0x0 /usr/lib/gcc/avr/4.3.5/../../../avr/lib/avr25/libc.a(eerd_byte_attiny13.o)
 .bss           0x0000000000800064        0x0 /usr/lib/gcc/avr/4.3.5/../../../avr/lib/avr25/libc.a(eewr_byte_attiny13.o)
 *(.bss*)
 *(COMMON)
 COMMON         0x0000000000800064        0x2 ./driver.o
                0x0000000000800064                global_flags
                0x0000000000800065                mode
                0x0000000000800066                PROVIDE (__bss_end, .)
                0x00000000000003fc                __data_load_start = LOADADDR (.data)
                0x0000000000000400                __data_load_end = (__data_load_start + SIZEOF (.data))

.noinit         0x0000000000800066        0x0
                0x0000000000800066                PROVIDE (__noinit_start, .)
 *(.noinit*)
                0x0000000000800066                PROVIDE (__noinit_end, .)
                0x0000000000800066                _end = .
                0x0000000000800066                PROVIDE (__heap_start, .)

.eeprom         0x0000000000810000       0x40
 *(.eeprom*)
 .eeprom        0x0000000000810000       0x40 ./driver.o
                0x0000000000810000                eeprom
                0x0000000000810040                __eeprom_end = .

.fuse
 *(.fuse)
 *(.lfuse)
 *(.hfuse)
 *(.efuse)

.lock
 *(.lock*)

.signature
 *(.signature*)

.stab           0x0000000000000000      0x810
 *(.stab)
 .stab          0x0000000000000000      0x69c /usr/lib/gcc/avr/4.3.5/../../../avr/lib/avr25/crttn13.o
 .stab          0x000000000000069c       0x90 /usr/lib/gcc/avr/4.3.5/../../../avr/lib/avr25/libc.a(eerd_byte_attiny13.o)
                                         0x9c (size before relaxing)
 .stab          0x000000000000072c       0xe4 /usr/lib/gcc/avr/4.3.5/../../../avr/lib/avr25/libc.a(eewr_byte_attiny13.o)
                                         0xf0 (size before relaxing)

.stabstr        0x0000000000000000       0xb2
 *(.stabstr)
 .stabstr       0x0000000000000000       0xb2 /usr/lib/gcc/avr/4.3.5/../../../avr/lib/avr25/crttn13.o

.stab.excl
 *(.stab.excl)

.stab.exclstr
 *(.stab.exclstr)

.stab.index
 *(.stab.index)

.stab.indexstr
 *(.stab.indexstr)

.comment
 *(.comment)

.debug
 *(.debug)

.line
 *(.line)

.debug_srcinfo
 *(.debug_srcinfo)

.debug_sfnames
 *(.debug_sfnames)

.debug_aranges
 *(.debug_aranges)

.debug_pubnames
 *(.debug_pubnames)

.debug_info
 *(.debug_info)
 *(.gnu.linkonce.wi.*)

.debug_abbrev
 *(.debug_abbrev)

.debug_line
 *(.debug_line)

.debug_frame
 *(.debug_frame)

.debug_str
 *(.debug_str)

.debug_loc
 *(.debug_loc)

.debug_macinfo
 *(.debug_macinfo)
OUTPUT(BLF-VLD.elf elf32-avr)
LOAD linker stubs
