Archive member included to satisfy reference by file (symbol)

c:/program files (x86)/atmel/studio/7.0/toolchain/avr8/avr8-gnu-toolchain/bin/../lib/gcc/avr/4.9.2/avr25\libgcc.a(_exit.o)
                              C:/Program Files (x86)/Atmel/Studio/7.0/Packs/atmel/ATtiny_DFP/1.0.68/gcc/dev/attiny85/avr25/crtattiny85.o (exit)
c:/program files (x86)/atmel/studio/7.0/toolchain/avr8/avr8-gnu-toolchain/bin/../lib/gcc/avr/4.9.2/avr25\libgcc.a(_copy_data.o)
                              Narsil.o (__do_copy_data)
c:/program files (x86)/atmel/studio/7.0/toolchain/avr8/avr8-gnu-toolchain/bin/../lib/gcc/avr/4.9.2/avr25\libgcc.a(_clear_bss.o)
                              Narsil.o (__do_clear_bss)
C:/Program Files (x86)/Atmel/Studio/7.0/Packs/atmel/ATtiny_DFP/1.0.68/gcc/dev/attiny85/avr25\libattiny85.a(eerd_byte.o)
                              Narsil.o (eeprom_read_byte)

Allocating common symbols
Common symbol       size              file

bySecModes          0xa               Narsil.o
currOutLvl2         0x1               Narsil.o
modesCnt            0x1               Narsil.o
currOutLvl1         0x1               Narsil.o
byPrimModes         0xa               Narsil.o
last_modeIdx        0x1               Narsil.o
specModeIdx         0x1               Narsil.o

Discarded input sections

 .data          0x00000000        0x0 C:/Program Files (x86)/Atmel/Studio/7.0/Packs/atmel/ATtiny_DFP/1.0.68/gcc/dev/attiny85/avr25/crtattiny85.o
 .bss           0x00000000        0x0 C:/Program Files (x86)/Atmel/Studio/7.0/Packs/atmel/ATtiny_DFP/1.0.68/gcc/dev/attiny85/avr25/crtattiny85.o
 .text          0x00000000        0x0 Narsil.o
 .data          0x00000000        0x0 Narsil.o
 .bss           0x00000000        0x0 Narsil.o
 .text._delay_s
                0x00000000        0x6 Narsil.o
 .text.pgm_rand
                0x00000000       0x1a Narsil.o
 .text.set_output
                0x00000000        0x6 Narsil.o
 .data.offset.1715
                0x00000000        0x2 Narsil.o
 .bss.mypwm     0x00000000        0x1 Narsil.o
 .text          0x00000000        0x0 c:/program files (x86)/atmel/studio/7.0/toolchain/avr8/avr8-gnu-toolchain/bin/../lib/gcc/avr/4.9.2/avr25\libgcc.a(_exit.o)
 .data          0x00000000        0x0 c:/program files (x86)/atmel/studio/7.0/toolchain/avr8/avr8-gnu-toolchain/bin/../lib/gcc/avr/4.9.2/avr25\libgcc.a(_exit.o)
 .bss           0x00000000        0x0 c:/program files (x86)/atmel/studio/7.0/toolchain/avr8/avr8-gnu-toolchain/bin/../lib/gcc/avr/4.9.2/avr25\libgcc.a(_exit.o)
 .text.libgcc.mul
                0x00000000        0x0 c:/program files (x86)/atmel/studio/7.0/toolchain/avr8/avr8-gnu-toolchain/bin/../lib/gcc/avr/4.9.2/avr25\libgcc.a(_exit.o)
 .text.libgcc.div
                0x00000000        0x0 c:/program files (x86)/atmel/studio/7.0/toolchain/avr8/avr8-gnu-toolchain/bin/../lib/gcc/avr/4.9.2/avr25\libgcc.a(_exit.o)
 .text.libgcc   0x00000000        0x0 c:/program files (x86)/atmel/studio/7.0/toolchain/avr8/avr8-gnu-toolchain/bin/../lib/gcc/avr/4.9.2/avr25\libgcc.a(_exit.o)
 .text.libgcc.prologue
                0x00000000        0x0 c:/program files (x86)/atmel/studio/7.0/toolchain/avr8/avr8-gnu-toolchain/bin/../lib/gcc/avr/4.9.2/avr25\libgcc.a(_exit.o)
 .text.libgcc.builtins
                0x00000000        0x0 c:/program files (x86)/atmel/studio/7.0/toolchain/avr8/avr8-gnu-toolchain/bin/../lib/gcc/avr/4.9.2/avr25\libgcc.a(_exit.o)
 .text.libgcc.fmul
                0x00000000        0x0 c:/program files (x86)/atmel/studio/7.0/toolchain/avr8/avr8-gnu-toolchain/bin/../lib/gcc/avr/4.9.2/avr25\libgcc.a(_exit.o)
 .text.libgcc.fixed
                0x00000000        0x0 c:/program files (x86)/atmel/studio/7.0/toolchain/avr8/avr8-gnu-toolchain/bin/../lib/gcc/avr/4.9.2/avr25\libgcc.a(_exit.o)
 .text          0x00000000        0x0 c:/program files (x86)/atmel/studio/7.0/toolchain/avr8/avr8-gnu-toolchain/bin/../lib/gcc/avr/4.9.2/avr25\libgcc.a(_copy_data.o)
 .data          0x00000000        0x0 c:/program files (x86)/atmel/studio/7.0/toolchain/avr8/avr8-gnu-toolchain/bin/../lib/gcc/avr/4.9.2/avr25\libgcc.a(_copy_data.o)
 .bss           0x00000000        0x0 c:/program files (x86)/atmel/studio/7.0/toolchain/avr8/avr8-gnu-toolchain/bin/../lib/gcc/avr/4.9.2/avr25\libgcc.a(_copy_data.o)
 .text.libgcc.mul
                0x00000000        0x0 c:/program files (x86)/atmel/studio/7.0/toolchain/avr8/avr8-gnu-toolchain/bin/../lib/gcc/avr/4.9.2/avr25\libgcc.a(_copy_data.o)
 .text.libgcc.div
                0x00000000        0x0 c:/program files (x86)/atmel/studio/7.0/toolchain/avr8/avr8-gnu-toolchain/bin/../lib/gcc/avr/4.9.2/avr25\libgcc.a(_copy_data.o)
 .text.libgcc   0x00000000        0x0 c:/program files (x86)/atmel/studio/7.0/toolchain/avr8/avr8-gnu-toolchain/bin/../lib/gcc/avr/4.9.2/avr25\libgcc.a(_copy_data.o)
 .text.libgcc.prologue
                0x00000000        0x0 c:/program files (x86)/atmel/studio/7.0/toolchain/avr8/avr8-gnu-toolchain/bin/../lib/gcc/avr/4.9.2/avr25\libgcc.a(_copy_data.o)
 .text.libgcc.builtins
                0x00000000        0x0 c:/program files (x86)/atmel/studio/7.0/toolchain/avr8/avr8-gnu-toolchain/bin/../lib/gcc/avr/4.9.2/avr25\libgcc.a(_copy_data.o)
 .text.libgcc.fmul
                0x00000000        0x0 c:/program files (x86)/atmel/studio/7.0/toolchain/avr8/avr8-gnu-toolchain/bin/../lib/gcc/avr/4.9.2/avr25\libgcc.a(_copy_data.o)
 .text.libgcc.fixed
                0x00000000        0x0 c:/program files (x86)/atmel/studio/7.0/toolchain/avr8/avr8-gnu-toolchain/bin/../lib/gcc/avr/4.9.2/avr25\libgcc.a(_copy_data.o)
 .text          0x00000000        0x0 c:/program files (x86)/atmel/studio/7.0/toolchain/avr8/avr8-gnu-toolchain/bin/../lib/gcc/avr/4.9.2/avr25\libgcc.a(_clear_bss.o)
 .data          0x00000000        0x0 c:/program files (x86)/atmel/studio/7.0/toolchain/avr8/avr8-gnu-toolchain/bin/../lib/gcc/avr/4.9.2/avr25\libgcc.a(_clear_bss.o)
 .bss           0x00000000        0x0 c:/program files (x86)/atmel/studio/7.0/toolchain/avr8/avr8-gnu-toolchain/bin/../lib/gcc/avr/4.9.2/avr25\libgcc.a(_clear_bss.o)
 .text.libgcc.mul
                0x00000000        0x0 c:/program files (x86)/atmel/studio/7.0/toolchain/avr8/avr8-gnu-toolchain/bin/../lib/gcc/avr/4.9.2/avr25\libgcc.a(_clear_bss.o)
 .text.libgcc.div
                0x00000000        0x0 c:/program files (x86)/atmel/studio/7.0/toolchain/avr8/avr8-gnu-toolchain/bin/../lib/gcc/avr/4.9.2/avr25\libgcc.a(_clear_bss.o)
 .text.libgcc   0x00000000        0x0 c:/program files (x86)/atmel/studio/7.0/toolchain/avr8/avr8-gnu-toolchain/bin/../lib/gcc/avr/4.9.2/avr25\libgcc.a(_clear_bss.o)
 .text.libgcc.prologue
                0x00000000        0x0 c:/program files (x86)/atmel/studio/7.0/toolchain/avr8/avr8-gnu-toolchain/bin/../lib/gcc/avr/4.9.2/avr25\libgcc.a(_clear_bss.o)
 .text.libgcc.builtins
                0x00000000        0x0 c:/program files (x86)/atmel/studio/7.0/toolchain/avr8/avr8-gnu-toolchain/bin/../lib/gcc/avr/4.9.2/avr25\libgcc.a(_clear_bss.o)
 .text.libgcc.fmul
                0x00000000        0x0 c:/program files (x86)/atmel/studio/7.0/toolchain/avr8/avr8-gnu-toolchain/bin/../lib/gcc/avr/4.9.2/avr25\libgcc.a(_clear_bss.o)
 .text.libgcc.fixed
                0x00000000        0x0 c:/program files (x86)/atmel/studio/7.0/toolchain/avr8/avr8-gnu-toolchain/bin/../lib/gcc/avr/4.9.2/avr25\libgcc.a(_clear_bss.o)
 .text          0x00000000        0x0 C:/Program Files (x86)/Atmel/Studio/7.0/Packs/atmel/ATtiny_DFP/1.0.68/gcc/dev/attiny85/avr25\libattiny85.a(eerd_byte.o)
 .data          0x00000000        0x0 C:/Program Files (x86)/Atmel/Studio/7.0/Packs/atmel/ATtiny_DFP/1.0.68/gcc/dev/attiny85/avr25\libattiny85.a(eerd_byte.o)
 .bss           0x00000000        0x0 C:/Program Files (x86)/Atmel/Studio/7.0/Packs/atmel/ATtiny_DFP/1.0.68/gcc/dev/attiny85/avr25\libattiny85.a(eerd_byte.o)

Memory Configuration

Name             Origin             Length             Attributes
text             0x00000000         0x00002000         xr
data             0x00800060         0x0000ffa0         rw !x
eeprom           0x00810000         0x00010000         rw !x
fuse             0x00820000         0x00000400         rw !x
lock             0x00830000         0x00000400         rw !x
signature        0x00840000         0x00000400         rw !x
user_signatures  0x00850000         0x00000400         rw !x
*default*        0x00000000         0xffffffff

Linker script and memory map

LOAD C:/Program Files (x86)/Atmel/Studio/7.0/Packs/atmel/ATtiny_DFP/1.0.68/gcc/dev/attiny85/avr25/crtattiny85.o
LOAD Narsil.o
START GROUP
LOAD c:/program files (x86)/atmel/studio/7.0/toolchain/avr8/avr8-gnu-toolchain/bin/../lib/gcc/avr/4.9.2/../../../../avr/lib/avr25\libm.a
END GROUP
START GROUP
LOAD c:/program files (x86)/atmel/studio/7.0/toolchain/avr8/avr8-gnu-toolchain/bin/../lib/gcc/avr/4.9.2/avr25\libgcc.a
LOAD c:/program files (x86)/atmel/studio/7.0/toolchain/avr8/avr8-gnu-toolchain/bin/../lib/gcc/avr/4.9.2/../../../../avr/lib/avr25\libm.a
LOAD c:/program files (x86)/atmel/studio/7.0/toolchain/avr8/avr8-gnu-toolchain/bin/../lib/gcc/avr/4.9.2/../../../../avr/lib/avr25\libc.a
LOAD C:/Program Files (x86)/Atmel/Studio/7.0/Packs/atmel/ATtiny_DFP/1.0.68/gcc/dev/attiny85/avr25\libattiny85.a
END GROUP

.hash
 *(.hash)

.dynsym
 *(.dynsym)

.dynstr
 *(.dynstr)

.gnu.version
 *(.gnu.version)

.gnu.version_d
 *(.gnu.version_d)

.gnu.version_r
 *(.gnu.version_r)

.rel.init
 *(.rel.init)

.rela.init
 *(.rela.init)

.rel.text
 *(.rel.text)
 *(.rel.text.*)
 *(.rel.gnu.linkonce.t*)

.rela.text
 *(.rela.text)
 *(.rela.text.*)
 *(.rela.gnu.linkonce.t*)

.rel.fini
 *(.rel.fini)

.rela.fini
 *(.rela.fini)

.rel.rodata
 *(.rel.rodata)
 *(.rel.rodata.*)
 *(.rel.gnu.linkonce.r*)

.rela.rodata
 *(.rela.rodata)
 *(.rela.rodata.*)
 *(.rela.gnu.linkonce.r*)

.rel.data
 *(.rel.data)
 *(.rel.data.*)
 *(.rel.gnu.linkonce.d*)

.rela.data
 *(.rela.data)
 *(.rela.data.*)
 *(.rela.gnu.linkonce.d*)

.rel.ctors
 *(.rel.ctors)

.rela.ctors
 *(.rela.ctors)

.rel.dtors
 *(.rel.dtors)

.rela.dtors
 *(.rela.dtors)

.rel.got
 *(.rel.got)

.rela.got
 *(.rela.got)

.rel.bss
 *(.rel.bss)

.rela.bss
 *(.rela.bss)

.rel.plt
 *(.rel.plt)

.rela.plt
 *(.rela.plt)

.text           0x00000000     0x10c0
 *(.vectors)
 .vectors       0x00000000       0x1e C:/Program Files (x86)/Atmel/Studio/7.0/Packs/atmel/ATtiny_DFP/1.0.68/gcc/dev/attiny85/avr25/crtattiny85.o
                0x00000000                __vector_default
                0x00000000                __vectors
 *(.vectors)
 *(.progmem.gcc*)
 .progmem.gcc_sw_table.main
                0x0000001e       0x36 Narsil.o
                0x00000054                . = ALIGN (0x2)
                0x00000054                __trampolines_start = .
 *(.trampolines)
 .trampolines   0x00000054        0x0 linker stubs
 *(.trampolines*)
                0x00000054                __trampolines_end = .
 *(.progmem*)
 .progmem.data.voltage_blinks
                0x00000054       0x2a Narsil.o
                0x00000054                voltage_blinks
 .progmem.data.turboTimeOutVals
                0x0000007e       0x10 Narsil.o
                0x0000007e                turboTimeOutVals
 .progmem.data.modeSetCnts
                0x0000008e        0x8 Narsil.o
                0x0000008e                modeSetCnts
 .progmem.data.mode7135Set12
                0x00000096        0x4 Narsil.o
                0x00000096                mode7135Set12
 .progmem.data.modeFetSet12
                0x0000009a        0x4 Narsil.o
                0x0000009a                modeFetSet12
 .progmem.data.mode7135Set11
                0x0000009e        0x3 Narsil.o
                0x0000009e                mode7135Set11
 .progmem.data.modeFetSet11
                0x000000a1        0x3 Narsil.o
                0x000000a1                modeFetSet11
 .progmem.data.mode7135Set10
                0x000000a4        0x3 Narsil.o
                0x000000a4                mode7135Set10
 .progmem.data.modeFetSet10
                0x000000a7        0x3 Narsil.o
                0x000000a7                modeFetSet10
 .progmem.data.mode7135Set9
                0x000000aa        0x3 Narsil.o
                0x000000aa                mode7135Set9
 .progmem.data.modeFetSet9
                0x000000ad        0x3 Narsil.o
                0x000000ad                modeFetSet9
 .progmem.data.mode7135Set8
                0x000000b0        0x3 Narsil.o
                0x000000b0                mode7135Set8
 .progmem.data.modeFetSet8
                0x000000b3        0x3 Narsil.o
                0x000000b3                modeFetSet8
 .progmem.data.mode7135Set7
                0x000000b6        0x7 Narsil.o
                0x000000b6                mode7135Set7
 .progmem.data.modeFetSet7
                0x000000bd        0x7 Narsil.o
                0x000000bd                modeFetSet7
 .progmem.data.mode7135Set6
                0x000000c4        0x6 Narsil.o
                0x000000c4                mode7135Set6
 .progmem.data.modeFetSet6
                0x000000ca        0x6 Narsil.o
                0x000000ca                modeFetSet6
 .progmem.data.mode7135Set5
                0x000000d0        0x5 Narsil.o
                0x000000d0                mode7135Set5
 .progmem.data.modeFetSet5
                0x000000d5        0x5 Narsil.o
                0x000000d5                modeFetSet5
 .progmem.data.mode7135Set4
                0x000000da        0x4 Narsil.o
                0x000000da                mode7135Set4
 .progmem.data.modeFetSet4
                0x000000de        0x4 Narsil.o
                0x000000de                modeFetSet4
 .progmem.data.mode7135Set3
                0x000000e2        0x3 Narsil.o
                0x000000e2                mode7135Set3
 .progmem.data.modeFetSet3
                0x000000e5        0x3 Narsil.o
                0x000000e5                modeFetSet3
 .progmem.data.mode7135Set2
                0x000000e8        0x2 Narsil.o
                0x000000e8                mode7135Set2
 .progmem.data.modeFetSet2
                0x000000ea        0x2 Narsil.o
                0x000000ea                modeFetSet2
 .progmem.data.mode7135Set1
                0x000000ec        0x1 Narsil.o
                0x000000ec                mode7135Set1
 .progmem.data.modeFetSet1
                0x000000ed        0x1 Narsil.o
                0x000000ed                modeFetSet1
                0x000000ee                . = ALIGN (0x2)
 *(.jumptables)
 *(.jumptables*)
 *(.lowtext)
 *(.lowtext*)
                0x000000ee                __ctors_start = .
 *(.ctors)
                0x000000ee                __ctors_end = .
                0x000000ee                __dtors_start = .
 *(.dtors)
                0x000000ee                __dtors_end = .
 SORT(*)(.ctors)
 SORT(*)(.dtors)
 *(.init0)
 .init0         0x000000ee        0x0 C:/Program Files (x86)/Atmel/Studio/7.0/Packs/atmel/ATtiny_DFP/1.0.68/gcc/dev/attiny85/avr25/crtattiny85.o
                0x000000ee                __init
 *(.init0)
 *(.init1)
 *(.init1)
 *(.init2)
 .init2         0x000000ee        0xc C:/Program Files (x86)/Atmel/Studio/7.0/Packs/atmel/ATtiny_DFP/1.0.68/gcc/dev/attiny85/avr25/crtattiny85.o
 *(.init2)
 *(.init3)
 *(.init3)
 *(.init4)
 .init4         0x000000fa       0x16 c:/program files (x86)/atmel/studio/7.0/toolchain/avr8/avr8-gnu-toolchain/bin/../lib/gcc/avr/4.9.2/avr25\libgcc.a(_copy_data.o)
                0x000000fa                __do_copy_data
 .init4         0x00000110       0x10 c:/program files (x86)/atmel/studio/7.0/toolchain/avr8/avr8-gnu-toolchain/bin/../lib/gcc/avr/4.9.2/avr25\libgcc.a(_clear_bss.o)
                0x00000110                __do_clear_bss
 *(.init4)
 *(.init5)
 *(.init5)
 *(.init6)
 *(.init6)
 *(.init7)
 *(.init7)
 *(.init8)
 *(.init8)
 *(.init9)
 .init9         0x00000120        0x4 C:/Program Files (x86)/Atmel/Studio/7.0/Packs/atmel/ATtiny_DFP/1.0.68/gcc/dev/attiny85/avr25/crtattiny85.o
 *(.init9)
 *(.text)
 .text          0x00000124        0x2 C:/Program Files (x86)/Atmel/Studio/7.0/Packs/atmel/ATtiny_DFP/1.0.68/gcc/dev/attiny85/avr25/crtattiny85.o
                0x00000124                __vector_1
                0x00000124                __bad_interrupt
                0x00000124                __vector_6
                0x00000124                __vector_3
                0x00000124                __vector_11
                0x00000124                __vector_13
                0x00000124                __vector_7
                0x00000124                __vector_5
                0x00000124                __vector_4
                0x00000124                __vector_9
                0x00000124                __vector_8
                0x00000124                __vector_14
                0x00000124                __vector_10
                0x00000126                . = ALIGN (0x2)
 *(.text.*)
 .text._delay_ms
                0x00000126       0x12 Narsil.o
                0x00000126                _delay_ms
 .text.TurnOnBoardLed
                0x00000138       0x1c Narsil.o
                0x00000138                TurnOnBoardLed
 .text.strobe   0x00000154       0x24 Narsil.o
                0x00000154                strobe
 .text.get_voltage
                0x00000178        0xa Narsil.o
                0x00000178                get_voltage
 .text.blink    0x00000182       0x4a Narsil.o
                0x00000182                blink
 .text.battBlink
                0x000001cc       0x42 Narsil.o
                0x000001cc                battBlink
 .text.configBlink
                0x0000020e       0x22 Narsil.o
                0x0000020e                configBlink
 .text.is_pressed
                0x00000230       0x32 Narsil.o
                0x00000230                is_pressed
 .text.next_mode
                0x00000262       0x28 Narsil.o
                0x00000262                next_mode
 .text.prev_mode
                0x0000028a       0x22 Narsil.o
                0x0000028a                prev_mode
 .text.__vector_2
                0x000002ac        0x2 Narsil.o
                0x000002ac                __vector_2
 .text.sleep_until_switch_press
                0x000002ae       0x52 Narsil.o
                0x000002ae                sleep_until_switch_press
 .text.SaveConfig
                0x00000300       0xe6 Narsil.o
                0x00000300                SaveConfig
 .text.__vector_12
                0x000003e6      0x418 Narsil.o
                0x000003e6                __vector_12
 .text.startup.main
                0x000007fe      0x8ae Narsil.o
                0x000007fe                main
 .text.avr-libc
                0x000010ac       0x10 C:/Program Files (x86)/Atmel/Studio/7.0/Packs/atmel/ATtiny_DFP/1.0.68/gcc/dev/attiny85/avr25\libattiny85.a(eerd_byte.o)
                0x000010ac                eeprom_read_byte
                0x000010bc                . = ALIGN (0x2)
 *(.fini9)
 .fini9         0x000010bc        0x0 c:/program files (x86)/atmel/studio/7.0/toolchain/avr8/avr8-gnu-toolchain/bin/../lib/gcc/avr/4.9.2/avr25\libgcc.a(_exit.o)
                0x000010bc                _exit
                0x000010bc                exit
 *(.fini9)
 *(.fini8)
 *(.fini8)
 *(.fini7)
 *(.fini7)
 *(.fini6)
 *(.fini6)
 *(.fini5)
 *(.fini5)
 *(.fini4)
 *(.fini4)
 *(.fini3)
 *(.fini3)
 *(.fini2)
 *(.fini2)
 *(.fini1)
 *(.fini1)
 *(.fini0)
 .fini0         0x000010bc        0x4 c:/program files (x86)/atmel/studio/7.0/toolchain/avr8/avr8-gnu-toolchain/bin/../lib/gcc/avr/4.9.2/avr25\libgcc.a(_exit.o)
 *(.fini0)
                0x000010c0                _etext = .

.data           0x00800060       0x3e load address 0x000010c0
                0x00800060                PROVIDE (__data_start, .)
 *(.data)
 *(.data*)
 .data.adc_ticks.1922
                0x00800060        0x1 Narsil.o
 .data.byLockOutEnable
                0x00800061        0x1 Narsil.o
                0x00800061                byLockOutEnable
 .data.onboardLedEnable
                0x00800062        0x1 Narsil.o
                0x00800062                onboardLedEnable
 .data.moonlightLevel
                0x00800063        0x1 Narsil.o
                0x00800063                moonlightLevel
 .data.locatorLedOn
                0x00800064        0x1 Narsil.o
                0x00800064                locatorLedOn
 .data.moonLightEnable
                0x00800065        0x1 Narsil.o
                0x00800065                moonLightEnable
 .data.modeSetIdx
                0x00800066        0x1 Narsil.o
                0x00800066                modeSetIdx
 .data.specialModesCnt
                0x00800067        0x1 Narsil.o
                0x00800067                specialModesCnt
 .data.modeTable7135
                0x00800068       0x18 Narsil.o
                0x00800068                modeTable7135
 .data.modeTableFet
                0x00800080       0x18 Narsil.o
                0x00800080                modeTableFet
 *(.rodata)
 *(.rodata*)
 .rodata.specialModes
                0x00800098        0x5 Narsil.o
                0x00800098                specialModes
 *(.gnu.linkonce.d*)
                0x0080009e                . = ALIGN (0x2)
 *fill*         0x0080009d        0x1 
                0x0080009e                _edata = .
                0x0080009e                PROVIDE (__data_end, .)

.bss            0x0080009e       0x39
                0x0080009e                PROVIDE (__bss_start, .)
 *(.bss)
 *(.bss*)
 .bss.wLowBattBlinkTicks.1921
                0x0080009e        0x2 Narsil.o
 .bss.lowbatt_cnt.1923
                0x008000a0        0x1 Narsil.o
 .bss.wTurboTicks.1920
                0x008000a1        0x2 Narsil.o
 .bss.pressed.1855
                0x008000a3        0x1 Narsil.o
 .bss.buffer.1856
                0x008000a4        0x1 Narsil.o
 .bss.eepos     0x008000a5        0x2 Narsil.o
                0x008000a5                eepos
 .bss.LowBattBlinkSignal
                0x008000a7        0x1 Narsil.o
                0x008000a7                LowBattBlinkSignal
 .bss.LowBattState
                0x008000a8        0x1 Narsil.o
                0x008000a8                LowBattState
 .bss.LowBattSignal
                0x008000a9        0x1 Narsil.o
                0x008000a9                LowBattSignal
 .bss.holdHandled
                0x008000aa        0x1 Narsil.o
                0x008000aa                holdHandled
 .bss.wTurboTickLimit
                0x008000ab        0x2 Narsil.o
                0x008000ab                wTurboTickLimit
 .bss.wIdleTicks
                0x008000ad        0x2 Narsil.o
                0x008000ad                wIdleTicks
 .bss.modeMemoryLastModeIdx
                0x008000af        0x1 Narsil.o
                0x008000af                modeMemoryLastModeIdx
 .bss.quickClicks
                0x008000b0        0x1 Narsil.o
                0x008000b0                quickClicks
 .bss.pressDuration
                0x008000b1        0x1 Narsil.o
                0x008000b1                pressDuration
 .bss.prevModeIdx
                0x008000b2        0x1 Narsil.o
                0x008000b2                prevModeIdx
 .bss.modeIdx   0x008000b3        0x1 Narsil.o
                0x008000b3                modeIdx
 .bss.configIdleTime
                0x008000b4        0x1 Narsil.o
                0x008000b4                configIdleTime
 .bss.configClicks
                0x008000b5        0x1 Narsil.o
                0x008000b5                configClicks
 .bss.prevConfigMode
                0x008000b6        0x1 Narsil.o
                0x008000b6                prevConfigMode
 .bss.ConfigMode
                0x008000b7        0x1 Narsil.o
                0x008000b7                ConfigMode
 .bss.byLockOutSet
                0x008000b8        0x1 Narsil.o
                0x008000b8                byLockOutSet
 .bss.OffTimeEnable
                0x008000b9        0x1 Narsil.o
                0x008000b9                OffTimeEnable
 .bss.bvldLedOnly
                0x008000ba        0x1 Narsil.o
                0x008000ba                bvldLedOnly
 .bss.turboTimeoutMode
                0x008000bb        0x1 Narsil.o
                0x008000bb                turboTimeoutMode
 .bss.modeMemoryEnabled
                0x008000bc        0x1 Narsil.o
                0x008000bc                modeMemoryEnabled
 .bss.highToLow
                0x008000bd        0x1 Narsil.o
                0x008000bd                highToLow
 *(COMMON)
 COMMON         0x008000be       0x19 Narsil.o
                0x008000be                bySecModes
                0x008000c8                currOutLvl2
                0x008000c9                modesCnt
                0x008000ca                currOutLvl1
                0x008000cb                byPrimModes
                0x008000d5                last_modeIdx
                0x008000d6                specModeIdx
                0x008000d7                PROVIDE (__bss_end, .)
                0x000010c0                __data_load_start = LOADADDR (.data)
                0x000010fe                __data_load_end = (__data_load_start + SIZEOF (.data))

.noinit         0x008000d7        0x1
                0x008000d7                PROVIDE (__noinit_start, .)
 *(.noinit*)
 .noinit        0x008000d7        0x1 Narsil.o
                0x008000d7                noinit_decay
                0x008000d8                PROVIDE (__noinit_end, .)
                0x008000d8                _end = .
                0x008000d8                PROVIDE (__heap_start, .)

.eeprom         0x00810000        0x0
 *(.eeprom*)
                0x00810000                __eeprom_end = .

.fuse
 *(.fuse)
 *(.lfuse)
 *(.hfuse)
 *(.efuse)

.lock
 *(.lock*)

.signature
 *(.signature*)

.user_signatures
 *(.user_signatures*)

.stab
 *(.stab)

.stabstr
 *(.stabstr)

.stab.excl
 *(.stab.excl)

.stab.exclstr
 *(.stab.exclstr)

.stab.index
 *(.stab.index)

.stab.indexstr
 *(.stab.indexstr)

.comment        0x00000000       0x30
 *(.comment)
 .comment       0x00000000       0x30 Narsil.o
                                 0x31 (size before relaxing)

.note.gnu.avr.deviceinfo
                0x00000000       0x3c
 .note.gnu.avr.deviceinfo
                0x00000000       0x3c C:/Program Files (x86)/Atmel/Studio/7.0/Packs/atmel/ATtiny_DFP/1.0.68/gcc/dev/attiny85/avr25/crtattiny85.o

.note.gnu.build-id
 *(.note.gnu.build-id)

.debug
 *(.debug)

.line
 *(.line)

.debug_srcinfo
 *(.debug_srcinfo)

.debug_sfnames
 *(.debug_sfnames)

.debug_aranges  0x00000000       0xa8
 *(.debug_aranges)
 .debug_aranges
                0x00000000       0xa8 Narsil.o

.debug_pubnames
 *(.debug_pubnames)

.debug_info     0x00000000     0x1906
 *(.debug_info .gnu.linkonce.wi.*)
 .debug_info    0x00000000     0x1906 Narsil.o

.debug_abbrev   0x00000000      0x39e
 *(.debug_abbrev)
 .debug_abbrev  0x00000000      0x39e Narsil.o

.debug_line     0x00000000      0x666
 *(.debug_line .debug_line.* .debug_line_end)
 .debug_line    0x00000000      0x666 Narsil.o

.debug_frame    0x00000000      0x1c0
 *(.debug_frame)
 .debug_frame   0x00000000      0x1c0 Narsil.o

.debug_str      0x00000000      0x6a4
 *(.debug_str)
 .debug_str     0x00000000      0x6a4 Narsil.o
                                0x707 (size before relaxing)

.debug_loc      0x00000000      0xd71
 *(.debug_loc)
 .debug_loc     0x00000000      0xd71 Narsil.o

.debug_macinfo
 *(.debug_macinfo)

.debug_weaknames
 *(.debug_weaknames)

.debug_funcnames
 *(.debug_funcnames)

.debug_typenames
 *(.debug_typenames)

.debug_varnames
 *(.debug_varnames)

.debug_pubtypes
 *(.debug_pubtypes)

.debug_ranges   0x00000000      0x128
 *(.debug_ranges)
 .debug_ranges  0x00000000      0x128 Narsil.o

.debug_macro
 *(.debug_macro)
OUTPUT(Narsil.elf elf32-avr)
LOAD linker stubs
