Archive member included to satisfy reference by file (symbol)

c:/program files (x86)/atmel/studio/7.0/toolchain/avr8/avr8-gnu-toolchain/bin/../lib/gcc/avr/4.9.2/avr25\libgcc.a(_exit.o)
                              C:/Program Files (x86)/Atmel/Studio/7.0/Packs/atmel/ATtiny_DFP/1.0.68/gcc/dev/attiny85/avr25/crtattiny85.o (exit)
c:/program files (x86)/atmel/studio/7.0/toolchain/avr8/avr8-gnu-toolchain/bin/../lib/gcc/avr/4.9.2/avr25\libgcc.a(_copy_data.o)
                              eswBrOutCfg.o (__do_copy_data)
c:/program files (x86)/atmel/studio/7.0/toolchain/avr8/avr8-gnu-toolchain/bin/../lib/gcc/avr/4.9.2/avr25\libgcc.a(_clear_bss.o)
                              eswBrOutCfg.o (__do_clear_bss)
C:/Program Files (x86)/Atmel/Studio/7.0/Packs/atmel/ATtiny_DFP/1.0.68/gcc/dev/attiny85/avr25\libattiny85.a(eerd_byte.o)
                              eswBrOutCfg.o (eeprom_read_byte)

Allocating common symbols
Common symbol       size              file

modesCnt            0x1               eswBrOutCfg.o
alt_modes           0x8               eswBrOutCfg.o
mode_pwm            0x8               eswBrOutCfg.o
modes               0x8               eswBrOutCfg.o
specModeIdx         0x1               eswBrOutCfg.o

Discarded input sections

 .data          0x00000000        0x0 C:/Program Files (x86)/Atmel/Studio/7.0/Packs/atmel/ATtiny_DFP/1.0.68/gcc/dev/attiny85/avr25/crtattiny85.o
 .bss           0x00000000        0x0 C:/Program Files (x86)/Atmel/Studio/7.0/Packs/atmel/ATtiny_DFP/1.0.68/gcc/dev/attiny85/avr25/crtattiny85.o
 .text          0x00000000        0x0 eswBrOutCfg.o
 .data          0x00000000        0x0 eswBrOutCfg.o
 .bss           0x00000000        0x0 eswBrOutCfg.o
 .text._delay_s
                0x00000000        0x6 eswBrOutCfg.o
 .text.pgm_rand
                0x00000000       0x1a eswBrOutCfg.o
 .text.set_output
                0x00000000       0x12 eswBrOutCfg.o
 .data.offset.1715
                0x00000000        0x2 eswBrOutCfg.o
 .bss.memory    0x00000000        0x1 eswBrOutCfg.o
 .bss.mypwm     0x00000000        0x1 eswBrOutCfg.o
 .text          0x00000000        0x0 c:/program files (x86)/atmel/studio/7.0/toolchain/avr8/avr8-gnu-toolchain/bin/../lib/gcc/avr/4.9.2/avr25\libgcc.a(_exit.o)
 .data          0x00000000        0x0 c:/program files (x86)/atmel/studio/7.0/toolchain/avr8/avr8-gnu-toolchain/bin/../lib/gcc/avr/4.9.2/avr25\libgcc.a(_exit.o)
 .bss           0x00000000        0x0 c:/program files (x86)/atmel/studio/7.0/toolchain/avr8/avr8-gnu-toolchain/bin/../lib/gcc/avr/4.9.2/avr25\libgcc.a(_exit.o)
 .text.libgcc.mul
                0x00000000        0x0 c:/program files (x86)/atmel/studio/7.0/toolchain/avr8/avr8-gnu-toolchain/bin/../lib/gcc/avr/4.9.2/avr25\libgcc.a(_exit.o)
 .text.libgcc.div
                0x00000000        0x0 c:/program files (x86)/atmel/studio/7.0/toolchain/avr8/avr8-gnu-toolchain/bin/../lib/gcc/avr/4.9.2/avr25\libgcc.a(_exit.o)
 .text.libgcc   0x00000000        0x0 c:/program files (x86)/atmel/studio/7.0/toolchain/avr8/avr8-gnu-toolchain/bin/../lib/gcc/avr/4.9.2/avr25\libgcc.a(_exit.o)
 .text.libgcc.prologue
                0x00000000        0x0 c:/program files (x86)/atmel/studio/7.0/toolchain/avr8/avr8-gnu-toolchain/bin/../lib/gcc/avr/4.9.2/avr25\libgcc.a(_exit.o)
 .text.libgcc.builtins
                0x00000000        0x0 c:/program files (x86)/atmel/studio/7.0/toolchain/avr8/avr8-gnu-toolchain/bin/../lib/gcc/avr/4.9.2/avr25\libgcc.a(_exit.o)
 .text.libgcc.fmul
                0x00000000        0x0 c:/program files (x86)/atmel/studio/7.0/toolchain/avr8/avr8-gnu-toolchain/bin/../lib/gcc/avr/4.9.2/avr25\libgcc.a(_exit.o)
 .text.libgcc.fixed
                0x00000000        0x0 c:/program files (x86)/atmel/studio/7.0/toolchain/avr8/avr8-gnu-toolchain/bin/../lib/gcc/avr/4.9.2/avr25\libgcc.a(_exit.o)
 .text          0x00000000        0x0 c:/program files (x86)/atmel/studio/7.0/toolchain/avr8/avr8-gnu-toolchain/bin/../lib/gcc/avr/4.9.2/avr25\libgcc.a(_copy_data.o)
 .data          0x00000000        0x0 c:/program files (x86)/atmel/studio/7.0/toolchain/avr8/avr8-gnu-toolchain/bin/../lib/gcc/avr/4.9.2/avr25\libgcc.a(_copy_data.o)
 .bss           0x00000000        0x0 c:/program files (x86)/atmel/studio/7.0/toolchain/avr8/avr8-gnu-toolchain/bin/../lib/gcc/avr/4.9.2/avr25\libgcc.a(_copy_data.o)
 .text.libgcc.mul
                0x00000000        0x0 c:/program files (x86)/atmel/studio/7.0/toolchain/avr8/avr8-gnu-toolchain/bin/../lib/gcc/avr/4.9.2/avr25\libgcc.a(_copy_data.o)
 .text.libgcc.div
                0x00000000        0x0 c:/program files (x86)/atmel/studio/7.0/toolchain/avr8/avr8-gnu-toolchain/bin/../lib/gcc/avr/4.9.2/avr25\libgcc.a(_copy_data.o)
 .text.libgcc   0x00000000        0x0 c:/program files (x86)/atmel/studio/7.0/toolchain/avr8/avr8-gnu-toolchain/bin/../lib/gcc/avr/4.9.2/avr25\libgcc.a(_copy_data.o)
 .text.libgcc.prologue
                0x00000000        0x0 c:/program files (x86)/atmel/studio/7.0/toolchain/avr8/avr8-gnu-toolchain/bin/../lib/gcc/avr/4.9.2/avr25\libgcc.a(_copy_data.o)
 .text.libgcc.builtins
                0x00000000        0x0 c:/program files (x86)/atmel/studio/7.0/toolchain/avr8/avr8-gnu-toolchain/bin/../lib/gcc/avr/4.9.2/avr25\libgcc.a(_copy_data.o)
 .text.libgcc.fmul
                0x00000000        0x0 c:/program files (x86)/atmel/studio/7.0/toolchain/avr8/avr8-gnu-toolchain/bin/../lib/gcc/avr/4.9.2/avr25\libgcc.a(_copy_data.o)
 .text.libgcc.fixed
                0x00000000        0x0 c:/program files (x86)/atmel/studio/7.0/toolchain/avr8/avr8-gnu-toolchain/bin/../lib/gcc/avr/4.9.2/avr25\libgcc.a(_copy_data.o)
 .text          0x00000000        0x0 c:/program files (x86)/atmel/studio/7.0/toolchain/avr8/avr8-gnu-toolchain/bin/../lib/gcc/avr/4.9.2/avr25\libgcc.a(_clear_bss.o)
 .data          0x00000000        0x0 c:/program files (x86)/atmel/studio/7.0/toolchain/avr8/avr8-gnu-toolchain/bin/../lib/gcc/avr/4.9.2/avr25\libgcc.a(_clear_bss.o)
 .bss           0x00000000        0x0 c:/program files (x86)/atmel/studio/7.0/toolchain/avr8/avr8-gnu-toolchain/bin/../lib/gcc/avr/4.9.2/avr25\libgcc.a(_clear_bss.o)
 .text.libgcc.mul
                0x00000000        0x0 c:/program files (x86)/atmel/studio/7.0/toolchain/avr8/avr8-gnu-toolchain/bin/../lib/gcc/avr/4.9.2/avr25\libgcc.a(_clear_bss.o)
 .text.libgcc.div
                0x00000000        0x0 c:/program files (x86)/atmel/studio/7.0/toolchain/avr8/avr8-gnu-toolchain/bin/../lib/gcc/avr/4.9.2/avr25\libgcc.a(_clear_bss.o)
 .text.libgcc   0x00000000        0x0 c:/program files (x86)/atmel/studio/7.0/toolchain/avr8/avr8-gnu-toolchain/bin/../lib/gcc/avr/4.9.2/avr25\libgcc.a(_clear_bss.o)
 .text.libgcc.prologue
                0x00000000        0x0 c:/program files (x86)/atmel/studio/7.0/toolchain/avr8/avr8-gnu-toolchain/bin/../lib/gcc/avr/4.9.2/avr25\libgcc.a(_clear_bss.o)
 .text.libgcc.builtins
                0x00000000        0x0 c:/program files (x86)/atmel/studio/7.0/toolchain/avr8/avr8-gnu-toolchain/bin/../lib/gcc/avr/4.9.2/avr25\libgcc.a(_clear_bss.o)
 .text.libgcc.fmul
                0x00000000        0x0 c:/program files (x86)/atmel/studio/7.0/toolchain/avr8/avr8-gnu-toolchain/bin/../lib/gcc/avr/4.9.2/avr25\libgcc.a(_clear_bss.o)
 .text.libgcc.fixed
                0x00000000        0x0 c:/program files (x86)/atmel/studio/7.0/toolchain/avr8/avr8-gnu-toolchain/bin/../lib/gcc/avr/4.9.2/avr25\libgcc.a(_clear_bss.o)
 .text          0x00000000        0x0 C:/Program Files (x86)/Atmel/Studio/7.0/Packs/atmel/ATtiny_DFP/1.0.68/gcc/dev/attiny85/avr25\libattiny85.a(eerd_byte.o)
 .data          0x00000000        0x0 C:/Program Files (x86)/Atmel/Studio/7.0/Packs/atmel/ATtiny_DFP/1.0.68/gcc/dev/attiny85/avr25\libattiny85.a(eerd_byte.o)
 .bss           0x00000000        0x0 C:/Program Files (x86)/Atmel/Studio/7.0/Packs/atmel/ATtiny_DFP/1.0.68/gcc/dev/attiny85/avr25\libattiny85.a(eerd_byte.o)

Memory Configuration

Name             Origin             Length             Attributes
text             0x00000000         0x00002000         xr
data             0x00800060         0x0000ffa0         rw !x
eeprom           0x00810000         0x00010000         rw !x
fuse             0x00820000         0x00000400         rw !x
lock             0x00830000         0x00000400         rw !x
signature        0x00840000         0x00000400         rw !x
user_signatures  0x00850000         0x00000400         rw !x
*default*        0x00000000         0xffffffff

Linker script and memory map

LOAD C:/Program Files (x86)/Atmel/Studio/7.0/Packs/atmel/ATtiny_DFP/1.0.68/gcc/dev/attiny85/avr25/crtattiny85.o
LOAD eswBrOutCfg.o
START GROUP
LOAD c:/program files (x86)/atmel/studio/7.0/toolchain/avr8/avr8-gnu-toolchain/bin/../lib/gcc/avr/4.9.2/../../../../avr/lib/avr25\libm.a
END GROUP
START GROUP
LOAD c:/program files (x86)/atmel/studio/7.0/toolchain/avr8/avr8-gnu-toolchain/bin/../lib/gcc/avr/4.9.2/avr25\libgcc.a
LOAD c:/program files (x86)/atmel/studio/7.0/toolchain/avr8/avr8-gnu-toolchain/bin/../lib/gcc/avr/4.9.2/../../../../avr/lib/avr25\libm.a
LOAD c:/program files (x86)/atmel/studio/7.0/toolchain/avr8/avr8-gnu-toolchain/bin/../lib/gcc/avr/4.9.2/../../../../avr/lib/avr25\libc.a
LOAD C:/Program Files (x86)/Atmel/Studio/7.0/Packs/atmel/ATtiny_DFP/1.0.68/gcc/dev/attiny85/avr25\libattiny85.a
END GROUP

.hash
 *(.hash)

.dynsym
 *(.dynsym)

.dynstr
 *(.dynstr)

.gnu.version
 *(.gnu.version)

.gnu.version_d
 *(.gnu.version_d)

.gnu.version_r
 *(.gnu.version_r)

.rel.init
 *(.rel.init)

.rela.init
 *(.rela.init)

.rel.text
 *(.rel.text)
 *(.rel.text.*)
 *(.rel.gnu.linkonce.t*)

.rela.text
 *(.rela.text)
 *(.rela.text.*)
 *(.rela.gnu.linkonce.t*)

.rel.fini
 *(.rel.fini)

.rela.fini
 *(.rela.fini)

.rel.rodata
 *(.rel.rodata)
 *(.rel.rodata.*)
 *(.rel.gnu.linkonce.r*)

.rela.rodata
 *(.rela.rodata)
 *(.rela.rodata.*)
 *(.rela.gnu.linkonce.r*)

.rel.data
 *(.rel.data)
 *(.rel.data.*)
 *(.rel.gnu.linkonce.d*)

.rela.data
 *(.rela.data)
 *(.rela.data.*)
 *(.rela.gnu.linkonce.d*)

.rel.ctors
 *(.rel.ctors)

.rela.ctors
 *(.rela.ctors)

.rel.dtors
 *(.rel.dtors)

.rela.dtors
 *(.rela.dtors)

.rel.got
 *(.rel.got)

.rela.got
 *(.rela.got)

.rel.bss
 *(.rel.bss)

.rela.bss
 *(.rela.bss)

.rel.plt
 *(.rel.plt)

.rela.plt
 *(.rela.plt)

.text           0x00000000      0xd74
 *(.vectors)
 .vectors       0x00000000       0x1e C:/Program Files (x86)/Atmel/Studio/7.0/Packs/atmel/ATtiny_DFP/1.0.68/gcc/dev/attiny85/avr25/crtattiny85.o
                0x00000000                __vector_default
                0x00000000                __vectors
 *(.vectors)
 *(.progmem.gcc*)
                0x0000001e                . = ALIGN (0x2)
                0x0000001e                __trampolines_start = .
 *(.trampolines)
 .trampolines   0x0000001e        0x0 linker stubs
 *(.trampolines*)
                0x0000001e                __trampolines_end = .
 *(.progmem*)
 .progmem.data.voltage_blinks
                0x0000001e       0x2a eswBrOutCfg.o
                0x0000001e                voltage_blinks
 .progmem.data.turboTimeOutVals
                0x00000048       0x10 eswBrOutCfg.o
                0x00000048                turboTimeOutVals
 .progmem.data.modeSetCnts
                0x00000058        0x8 eswBrOutCfg.o
                0x00000058                modeSetCnts
 .progmem.data.modePwmSet8
                0x00000060        0x4 eswBrOutCfg.o
                0x00000060                modePwmSet8
 .progmem.data.mode7135Set8
                0x00000064        0x4 eswBrOutCfg.o
                0x00000064                mode7135Set8
 .progmem.data.modeFetSet8
                0x00000068        0x4 eswBrOutCfg.o
                0x00000068                modeFetSet8
 .progmem.data.modePwmSet7
                0x0000006c        0x3 eswBrOutCfg.o
                0x0000006c                modePwmSet7
 .progmem.data.mode7135Set7
                0x0000006f        0x3 eswBrOutCfg.o
                0x0000006f                mode7135Set7
 .progmem.data.modeFetSet7
                0x00000072        0x3 eswBrOutCfg.o
                0x00000072                modeFetSet7
 .progmem.data.modePwmSet6
                0x00000075        0x6 eswBrOutCfg.o
                0x00000075                modePwmSet6
 .progmem.data.mode7135Set6
                0x0000007b        0x6 eswBrOutCfg.o
                0x0000007b                mode7135Set6
 .progmem.data.modeFetSet6
                0x00000081        0x6 eswBrOutCfg.o
                0x00000081                modeFetSet6
 .progmem.data.modePwmSet5
                0x00000087        0x5 eswBrOutCfg.o
                0x00000087                modePwmSet5
 .progmem.data.mode7135Set5
                0x0000008c        0x5 eswBrOutCfg.o
                0x0000008c                mode7135Set5
 .progmem.data.modeFetSet5
                0x00000091        0x5 eswBrOutCfg.o
                0x00000091                modeFetSet5
 .progmem.data.modePwmSet4
                0x00000096        0x4 eswBrOutCfg.o
                0x00000096                modePwmSet4
 .progmem.data.mode7135Set4
                0x0000009a        0x4 eswBrOutCfg.o
                0x0000009a                mode7135Set4
 .progmem.data.modeFetSet4
                0x0000009e        0x4 eswBrOutCfg.o
                0x0000009e                modeFetSet4
 .progmem.data.modePwmSet3
                0x000000a2        0x3 eswBrOutCfg.o
                0x000000a2                modePwmSet3
 .progmem.data.mode7135Set3
                0x000000a5        0x3 eswBrOutCfg.o
                0x000000a5                mode7135Set3
 .progmem.data.modeFetSet3
                0x000000a8        0x3 eswBrOutCfg.o
                0x000000a8                modeFetSet3
 .progmem.data.modePwmSet2
                0x000000ab        0x2 eswBrOutCfg.o
                0x000000ab                modePwmSet2
 .progmem.data.mode7135Set2
                0x000000ad        0x2 eswBrOutCfg.o
                0x000000ad                mode7135Set2
 .progmem.data.modeFetSet2
                0x000000af        0x2 eswBrOutCfg.o
                0x000000af                modeFetSet2
 .progmem.data.modePwmSet1
                0x000000b1        0x1 eswBrOutCfg.o
                0x000000b1                modePwmSet1
 .progmem.data.mode7135Set1
                0x000000b2        0x1 eswBrOutCfg.o
                0x000000b2                mode7135Set1
 .progmem.data.modeFetSet1
                0x000000b3        0x1 eswBrOutCfg.o
                0x000000b3                modeFetSet1
                0x000000b4                . = ALIGN (0x2)
 *(.jumptables)
 *(.jumptables*)
 *(.lowtext)
 *(.lowtext*)
                0x000000b4                __ctors_start = .
 *(.ctors)
                0x000000b4                __ctors_end = .
                0x000000b4                __dtors_start = .
 *(.dtors)
                0x000000b4                __dtors_end = .
 SORT(*)(.ctors)
 SORT(*)(.dtors)
 *(.init0)
 .init0         0x000000b4        0x0 C:/Program Files (x86)/Atmel/Studio/7.0/Packs/atmel/ATtiny_DFP/1.0.68/gcc/dev/attiny85/avr25/crtattiny85.o
                0x000000b4                __init
 *(.init0)
 *(.init1)
 *(.init1)
 *(.init2)
 .init2         0x000000b4        0xc C:/Program Files (x86)/Atmel/Studio/7.0/Packs/atmel/ATtiny_DFP/1.0.68/gcc/dev/attiny85/avr25/crtattiny85.o
 *(.init2)
 *(.init3)
 *(.init3)
 *(.init4)
 .init4         0x000000c0       0x16 c:/program files (x86)/atmel/studio/7.0/toolchain/avr8/avr8-gnu-toolchain/bin/../lib/gcc/avr/4.9.2/avr25\libgcc.a(_copy_data.o)
                0x000000c0                __do_copy_data
 .init4         0x000000d6       0x10 c:/program files (x86)/atmel/studio/7.0/toolchain/avr8/avr8-gnu-toolchain/bin/../lib/gcc/avr/4.9.2/avr25\libgcc.a(_clear_bss.o)
                0x000000d6                __do_clear_bss
 *(.init4)
 *(.init5)
 *(.init5)
 *(.init6)
 *(.init6)
 *(.init7)
 *(.init7)
 *(.init8)
 *(.init8)
 *(.init9)
 .init9         0x000000e6        0x4 C:/Program Files (x86)/Atmel/Studio/7.0/Packs/atmel/ATtiny_DFP/1.0.68/gcc/dev/attiny85/avr25/crtattiny85.o
 *(.init9)
 *(.text)
 .text          0x000000ea        0x2 C:/Program Files (x86)/Atmel/Studio/7.0/Packs/atmel/ATtiny_DFP/1.0.68/gcc/dev/attiny85/avr25/crtattiny85.o
                0x000000ea                __vector_1
                0x000000ea                __bad_interrupt
                0x000000ea                __vector_6
                0x000000ea                __vector_3
                0x000000ea                __vector_11
                0x000000ea                __vector_13
                0x000000ea                __vector_7
                0x000000ea                __vector_5
                0x000000ea                __vector_4
                0x000000ea                __vector_9
                0x000000ea                __vector_8
                0x000000ea                __vector_14
                0x000000ea                __vector_10
                0x000000ec                . = ALIGN (0x2)
 *(.text.*)
 .text.is_pressed
                0x000000ec       0x1e eswBrOutCfg.o
 .text._delay_ms
                0x0000010a       0x12 eswBrOutCfg.o
                0x0000010a                _delay_ms
 .text.strobe   0x0000011c       0x24 eswBrOutCfg.o
                0x0000011c                strobe
 .text.get_voltage
                0x00000140        0xa eswBrOutCfg.o
                0x00000140                get_voltage
 .text.blink    0x0000014a       0x50 eswBrOutCfg.o
                0x0000014a                blink
 .text.battBlink
                0x0000019a       0x3e eswBrOutCfg.o
                0x0000019a                battBlink
 .text.next_mode
                0x000001d8       0x28 eswBrOutCfg.o
                0x000001d8                next_mode
 .text.prev_mode
                0x00000200       0x2a eswBrOutCfg.o
                0x00000200                prev_mode
 .text.__vector_2
                0x0000022a        0x2 eswBrOutCfg.o
                0x0000022a                __vector_2
 .text.sleep_until_switch_press
                0x0000022c       0x52 eswBrOutCfg.o
                0x0000022c                sleep_until_switch_press
 .text.SaveConfig
                0x0000027e       0x86 eswBrOutCfg.o
                0x0000027e                SaveConfig
 .text.__vector_12
                0x00000304      0x37c eswBrOutCfg.o
                0x00000304                __vector_12
 .text.startup.main
                0x00000680      0x6e0 eswBrOutCfg.o
                0x00000680                main
 .text.avr-libc
                0x00000d60       0x10 C:/Program Files (x86)/Atmel/Studio/7.0/Packs/atmel/ATtiny_DFP/1.0.68/gcc/dev/attiny85/avr25\libattiny85.a(eerd_byte.o)
                0x00000d60                eeprom_read_byte
                0x00000d70                . = ALIGN (0x2)
 *(.fini9)
 .fini9         0x00000d70        0x0 c:/program files (x86)/atmel/studio/7.0/toolchain/avr8/avr8-gnu-toolchain/bin/../lib/gcc/avr/4.9.2/avr25\libgcc.a(_exit.o)
                0x00000d70                _exit
                0x00000d70                exit
 *(.fini9)
 *(.fini8)
 *(.fini8)
 *(.fini7)
 *(.fini7)
 *(.fini6)
 *(.fini6)
 *(.fini5)
 *(.fini5)
 *(.fini4)
 *(.fini4)
 *(.fini3)
 *(.fini3)
 *(.fini2)
 *(.fini2)
 *(.fini1)
 *(.fini1)
 *(.fini0)
 .fini0         0x00000d70        0x4 c:/program files (x86)/atmel/studio/7.0/toolchain/avr8/avr8-gnu-toolchain/bin/../lib/gcc/avr/4.9.2/avr25\libgcc.a(_exit.o)
 *(.fini0)
                0x00000d74                _etext = .

.data           0x00800060       0x38 load address 0x00000d74
                0x00800060                PROVIDE (__data_start, .)
 *(.data)
 *(.data*)
 .data.adc_ticks.1898
                0x00800060        0x1 eswBrOutCfg.o
 .data.byLockOutEnable
                0x00800061        0x1 eswBrOutCfg.o
                0x00800061                byLockOutEnable
 .data.specialModesCnt
                0x00800062        0x1 eswBrOutCfg.o
                0x00800062                specialModesCnt
 .data.modeTablePwm
                0x00800063       0x10 eswBrOutCfg.o
                0x00800063                modeTablePwm
 .data.modeTable7135
                0x00800073       0x10 eswBrOutCfg.o
                0x00800073                modeTable7135
 .data.modeTableFet
                0x00800083       0x10 eswBrOutCfg.o
                0x00800083                modeTableFet
 *(.rodata)
 *(.rodata*)
 .rodata.specialModes
                0x00800093        0x5 eswBrOutCfg.o
                0x00800093                specialModes
 *(.gnu.linkonce.d*)
                0x00800098                . = ALIGN (0x2)
                0x00800098                _edata = .
                0x00800098                PROVIDE (__data_end, .)

.bss            0x00800098       0x33
                0x00800098                PROVIDE (__bss_start, .)
 *(.bss)
 *(.bss*)
 .bss.lowbatt_cnt.1899
                0x00800098        0x1 eswBrOutCfg.o
 .bss.wTurboTicks.1897
                0x00800099        0x2 eswBrOutCfg.o
 .bss.buffer.1844
                0x0080009b        0x1 eswBrOutCfg.o
 .bss.eepos     0x0080009c        0x1 eswBrOutCfg.o
                0x0080009c                eepos
 .bss.wTurboTickLimit
                0x0080009d        0x2 eswBrOutCfg.o
                0x0080009d                wTurboTickLimit
 .bss.wIdleTicks
                0x0080009f        0x2 eswBrOutCfg.o
                0x0080009f                wIdleTicks
 .bss.modeMemoryLastModeIdx
                0x008000a1        0x1 eswBrOutCfg.o
                0x008000a1                modeMemoryLastModeIdx
 .bss.quickClicks
                0x008000a2        0x1 eswBrOutCfg.o
                0x008000a2                quickClicks
 .bss.pressDuration
                0x008000a3        0x1 eswBrOutCfg.o
                0x008000a3                pressDuration
 .bss.prevModeIdx
                0x008000a4        0x1 eswBrOutCfg.o
                0x008000a4                prevModeIdx
 .bss.modeIdx   0x008000a5        0x1 eswBrOutCfg.o
                0x008000a5                modeIdx
 .bss.configIdleTime
                0x008000a6        0x1 eswBrOutCfg.o
                0x008000a6                configIdleTime
 .bss.configClicks
                0x008000a7        0x1 eswBrOutCfg.o
                0x008000a7                configClicks
 .bss.prevConfigMode
                0x008000a8        0x1 eswBrOutCfg.o
                0x008000a8                prevConfigMode
 .bss.ConfigMode
                0x008000a9        0x1 eswBrOutCfg.o
                0x008000a9                ConfigMode
 .bss.byLockOutSet
                0x008000aa        0x1 eswBrOutCfg.o
                0x008000aa                byLockOutSet
 .bss.OffTimeEnable
                0x008000ab        0x1 eswBrOutCfg.o
                0x008000ab                OffTimeEnable
 .bss.turboTimeoutMode
                0x008000ac        0x1 eswBrOutCfg.o
                0x008000ac                turboTimeoutMode
 .bss.modeMemoryEnabled
                0x008000ad        0x1 eswBrOutCfg.o
                0x008000ad                modeMemoryEnabled
 .bss.highToLow
                0x008000ae        0x1 eswBrOutCfg.o
                0x008000ae                highToLow
 .bss.moonLightEnable
                0x008000af        0x1 eswBrOutCfg.o
                0x008000af                moonLightEnable
 .bss.modeSetIdx
                0x008000b0        0x1 eswBrOutCfg.o
                0x008000b0                modeSetIdx
 *(COMMON)
 COMMON         0x008000b1       0x1a eswBrOutCfg.o
                0x008000b1                modesCnt
                0x008000b2                alt_modes
                0x008000ba                mode_pwm
                0x008000c2                modes
                0x008000ca                specModeIdx
                0x008000cb                PROVIDE (__bss_end, .)
                0x00000d74                __data_load_start = LOADADDR (.data)
                0x00000dac                __data_load_end = (__data_load_start + SIZEOF (.data))

.noinit         0x008000cb        0x1
                0x008000cb                PROVIDE (__noinit_start, .)
 *(.noinit*)
 .noinit        0x008000cb        0x1 eswBrOutCfg.o
                0x008000cb                noinit_decay
                0x008000cc                PROVIDE (__noinit_end, .)
                0x008000cc                _end = .
                0x008000cc                PROVIDE (__heap_start, .)

.eeprom         0x00810000        0x0
 *(.eeprom*)
                0x00810000                __eeprom_end = .

.fuse
 *(.fuse)
 *(.lfuse)
 *(.hfuse)
 *(.efuse)

.lock
 *(.lock*)

.signature
 *(.signature*)

.user_signatures
 *(.user_signatures*)

.stab
 *(.stab)

.stabstr
 *(.stabstr)

.stab.excl
 *(.stab.excl)

.stab.exclstr
 *(.stab.exclstr)

.stab.index
 *(.stab.index)

.stab.indexstr
 *(.stab.indexstr)

.comment        0x00000000       0x30
 *(.comment)
 .comment       0x00000000       0x30 eswBrOutCfg.o
                                 0x31 (size before relaxing)

.note.gnu.avr.deviceinfo
                0x00000000       0x3c
 .note.gnu.avr.deviceinfo
                0x00000000       0x3c C:/Program Files (x86)/Atmel/Studio/7.0/Packs/atmel/ATtiny_DFP/1.0.68/gcc/dev/attiny85/avr25/crtattiny85.o

.note.gnu.build-id
 *(.note.gnu.build-id)

.debug
 *(.debug)

.line
 *(.line)

.debug_srcinfo
 *(.debug_srcinfo)

.debug_sfnames
 *(.debug_sfnames)

.debug_aranges  0x00000000       0x98
 *(.debug_aranges)
 .debug_aranges
                0x00000000       0x98 eswBrOutCfg.o

.debug_pubnames
 *(.debug_pubnames)

.debug_info     0x00000000     0x1470
 *(.debug_info .gnu.linkonce.wi.*)
 .debug_info    0x00000000     0x1470 eswBrOutCfg.o

.debug_abbrev   0x00000000      0x386
 *(.debug_abbrev)
 .debug_abbrev  0x00000000      0x386 eswBrOutCfg.o

.debug_line     0x00000000      0x55a
 *(.debug_line .debug_line.* .debug_line_end)
 .debug_line    0x00000000      0x55a eswBrOutCfg.o

.debug_frame    0x00000000      0x1a0
 *(.debug_frame)
 .debug_frame   0x00000000      0x1a0 eswBrOutCfg.o

.debug_str      0x00000000      0x5ed
 *(.debug_str)
 .debug_str     0x00000000      0x5ed eswBrOutCfg.o
                                0x64e (size before relaxing)

.debug_loc      0x00000000      0xbf4
 *(.debug_loc)
 .debug_loc     0x00000000      0xbf4 eswBrOutCfg.o

.debug_macinfo
 *(.debug_macinfo)

.debug_weaknames
 *(.debug_weaknames)

.debug_funcnames
 *(.debug_funcnames)

.debug_typenames
 *(.debug_typenames)

.debug_varnames
 *(.debug_varnames)

.debug_pubtypes
 *(.debug_pubtypes)

.debug_ranges   0x00000000      0x130
 *(.debug_ranges)
 .debug_ranges  0x00000000      0x130 eswBrOutCfg.o

.debug_macro
 *(.debug_macro)
OUTPUT(eswBrOutCfg.elf elf32-avr)
LOAD linker stubs
